// Vitest Snapshot v1, https://vitest.dev/guide/snapshot.html

exports[`cookie plugin > should get and set cookie 1`] = `"test=cookie"`;
